     1                                 %line 1+1 task1.asm
     2                                 [section .data]
     3 00000000 506C6561736520696E-     s1 db "Please input a 5 digit number: "
     4 00000000 707574206120352064-
     5 00000000 69676974206E756D62-
     6 00000000 65723A20           
     7 0000001F 546869732069732074-     s2 db "This is the number you are looking for: "
     8 0000001F 6865206E756D626572-
     9 0000001F 20796F752061726520-
    10 0000001F 6C6F6F6B696E672066-
    11 0000001F 6F723A20           
    12 00000047 0A                      line db "", 10
    13                                 
    14                                 [section .bss]
    15 00000000 <gap>                   num resb 5
    16                                 
    17                                 [section .text]
    18                                 [global _start]
    19                                 
    20                                 _start:
    21                                 
    22 00000000 E856000000              call _print_s1
    23 00000005 E8AE000000              call _get_num
    24 0000000A 48C7C001000000          mov rax, 1
    25 00000011 48C7C701000000          mov rdi, 1
    26 00000018 48C7C6[00000000]        mov rsi, line
    27 0000001F 48C7C201000000          mov rdx, 1
    28 00000026 0F05                    syscall
    29 00000028 E84D000000              call _print_s2
    30 0000002D E867000000              call _print_num
    31                                 
    32 00000032 48C7C001000000          mov rax, 1
    33 00000039 48C7C701000000          mov rdi, 1
    34 00000040 48C7C6[00000000]        mov rsi, line
    35 00000047 48C7C201000000          mov rdx, 1
    36 0000004E 0F05                    syscall
    37                                 
    38 00000050 48C7C03C000000          mov rax, 60
    39 00000057 48C7C700000000          mov rdi, 0
    40 0000005E 0F05                    syscall
    41                                 
    42                                 _print_s1:
    43                                 
    44 00000060 48C7C001000000          mov rax, 1
    45 00000067 48C7C701000000          mov rdi, 1
    46 0000006E 48C7C6[00000000]        mov rsi, s1
    47 00000075 48C7C21F000000          mov rdx, 31
    48 0000007C 0F05                    syscall
    49 0000007E C3                      ret
    50                                 
    51                                 _print_s2:
    52                                 
    53 0000007F 48C7C001000000          mov rax, 1
    54 00000086 48C7C701000000          mov rdi, 1
    55 0000008D 48C7C6[00000000]        mov rsi, s2
    56 00000094 48C7C228000000          mov rdx, 40
    57 0000009B 0F05                    syscall
    58 0000009D C3                      ret
    59                                 
    60                                 _print_num:
    61                                 
    62 0000009E 48C7C001000000          mov rax, 1
    63 000000A5 48C7C701000000          mov rdi, 1
    64 000000AC 48C7C6[00000000]        mov rsi, num
    65 000000B3 48C7C205000000          mov rdx, 5
    66 000000BA 0F05                    syscall
    67 000000BC C3                      ret
    68                                 
    69                                 _get_num:
    70                                 
    71 000000BD 48C7C000000000          mov rax, 0
    72 000000C4 48C7C700000000          mov rdi, 0
    73 000000CB 48C7C6[00000000]        mov rsi, num
    74 000000D2 48C7C210000000          mov rdx, 16
    75 000000D9 0F05                    syscall
    76 000000DB C3                      ret
    77                                 
    78                                 
    79                                 
    80                                 
    81                                 
    82                                 
    83                                 
    84                                 
    85                                 
    86                                 
    87                                 
    88                                 
    89                                 
    90                                 
    91                                 
    92                                 
    93                                 
    94                                 
    95                                 
    96                                 
    97                                 
    98                                 
    99                                 
   100                                 
   101                                 
   102                                 
   103                                 
   104                                 
   105                                 
   106                                 
   107                                 
   108                                 
   109                                 
   110                                 
   111                                 
   112                                 
   113                                 
   114                                 
   115                                 
   116                                 
   117                                 
   118                                 
   119                                 
   120                                 
   121                                 
   122                                 
   123                                 
   124                                 
   125                                 
